../Middlewares/ST/touchgfx/framework/include/touchgfx/Screen.hpp:104:18:virtual void touchgfx::Screen::afterTransition()	0	static
../Middlewares/ST/touchgfx/framework/include/touchgfx/Screen.hpp:154:18:virtual void touchgfx::Screen::handleKeyEvent(uint8_t)	0	static
../TouchGFX/gui/src/cellvoltage_screen/CellVoltageView.cpp:19:6:virtual void CellVoltageView::tearDownScreen()	0	static
../TouchGFX/gui/src/cellvoltage_screen/CellVoltageView.cpp:24:6:virtual void CellVoltageView::scrollList1UpdateItem(CellVoltage&, int16_t)	8	static
../TouchGFX/gui/src/cellvoltage_screen/CellVoltageView.cpp:29:6:virtual void CellVoltageView::process_uart(volatile serialData_t&)	8	static
../TouchGFX/gui/include/gui/cellvoltage_screen/CellVoltageView.hpp:11:13:CellVoltageView::~CellVoltageView()	8	static
../TouchGFX/gui/include/gui/cellvoltage_screen/CellVoltageView.hpp:11:13:virtual CellVoltageView::~CellVoltageView()	8	static
../TouchGFX/gui/src/cellvoltage_screen/CellVoltageView.cpp:8:1:CellVoltageView::CellVoltageView()	8	static
../TouchGFX/gui/src/cellvoltage_screen/CellVoltageView.cpp:13:6:virtual void CellVoltageView::setupScreen()	8	static
../TouchGFX/gui/src/cellvoltage_screen/CellVoltageView.cpp:35:6:virtual void CellVoltageView::updateScreen()	16	static
