../TouchGFX/gui/include/gui/screen_screen/screenPresenter.hpp:29:13:screenPresenter::~screenPresenter()	0	static
../TouchGFX/gui/src/screen_screen/screenPresenter.cpp:10:6:virtual void screenPresenter::activate()	0	static
../TouchGFX/gui/src/screen_screen/screenPresenter.cpp:20:6:virtual void screenPresenter::process_uart(volatile serialData_t&)	8	static
../TouchGFX/gui/include/gui/screen_screen/screenPresenter.hpp:29:13:virtual screenPresenter::~screenPresenter()	8	static
../TouchGFX/gui/include/gui/screen_screen/screenPresenter.hpp:29:13:virtual void* screenPresenter::_ZThn4_N15screenPresenterD1Ev()	0	static
../TouchGFX/gui/src/screen_screen/screenPresenter.cpp:4:1:screenPresenter::screenPresenter(screenView&)	0	static
