../Middlewares/ST/touchgfx/framework/include/touchgfx/Screen.hpp:104:18:virtual void touchgfx::Screen::afterTransition()	0	static
../Middlewares/ST/touchgfx/framework/include/touchgfx/Screen.hpp:154:18:virtual void touchgfx::Screen::handleKeyEvent(uint8_t)	0	static
../TouchGFX/gui/src/screen_screen/screenView.cpp:17:6:virtual void screenView::tearDownScreen()	0	static
../TouchGFX/gui/src/screen_screen/screenView.cpp:21:6:virtual void screenView::scrollList1UpdateItem(Page1&, int16_t)	8	static
../TouchGFX/gui/src/screen_screen/screenView.cpp:25:7:virtual void screenView::process_uart(volatile serialData_t&)	8	static
../TouchGFX/gui/include/gui/screen_screen/screenView.hpp:12:13:screenView::~screenView()	8	static
../TouchGFX/gui/include/gui/screen_screen/screenView.hpp:12:13:virtual screenView::~screenView()	8	static
../TouchGFX/gui/src/screen_screen/screenView.cpp:4:1:screenView::screenView()	8	static
../TouchGFX/gui/src/screen_screen/screenView.cpp:9:6:virtual void screenView::setupScreen()	8	static
../TouchGFX/gui/src/screen_screen/screenView.cpp:37:6:virtual void screenView::updateScreen()	16	static
