../Core/Src/ft6x06.c:113:6:ft6x06_Init	8	static
../Core/Src/ft6x06.c:144:6:ft6x06_Reset	0	static
../Core/Src/ft6x06.c:156:10:ft6x06_ReadID	8	static
../Core/Src/ft6x06.c:194:9:ft6x06_TS_DetectTouch	24	static
../Core/Src/ft6x06.c:226:6:ft6x06_TS_GetXY	32	static
../Core/Src/ft6x06.c:265:6:ft6x06_TS_EnableIT	8	static
../Core/Src/ft6x06.c:280:6:ft6x06_TS_DisableIT	8	static
../Core/Src/ft6x06.c:172:6:ft6x06_TS_Start	8	static
../Core/Src/ft6x06.c:297:9:ft6x06_TS_ITStatus	0	static
../Core/Src/ft6x06.c:310:6:ft6x06_TS_ClearIT	0	static
