../Core/Src/ili9341.c:375:13:DC_H	8	static
../Core/Src/ili9341.c:301:13:LCD_WR_DATA	24	static
../Core/Src/ili9341.c:259:6:ILI9341_EndOfDrawBitmap	0	static
../Core/Src/ili9341.c:268:6:ILI9341_Reset	8	static
../Core/Src/ili9341.c:278:6:ILI9341_SoftReset	24	static
../Core/Src/ili9341.c:289:6:LCD_WR_REG	24	static
../Core/Src/ili9341.c:190:6:ILI9341_SetWindow	24	static
../Core/Src/ili9341.c:207:6:ILI9341_WritePixel	16	static
../Core/Src/ili9341.c:238:6:ILI9341_DrawBitmap	16	static
../Core/Src/ili9341.c:66:6:ILI9341_Init	8	static
../Core/Src/ili9341.c:314:6:LCD_IO_WriteMultipleData	16	static
