../Core/Src/stm32g0xx_hal_msp.c:64:6:HAL_MspInit	16	static
../Core/Src/stm32g0xx_hal_msp.c:91:6:HAL_CRC_MspInit	8	static
../Core/Src/stm32g0xx_hal_msp.c:114:6:HAL_CRC_MspDeInit	0	static
../Core/Src/stm32g0xx_hal_msp.c:136:6:HAL_I2C_MspInit	112	static
../Core/Src/stm32g0xx_hal_msp.c:183:6:HAL_I2C_MspDeInit	8	static
../Core/Src/stm32g0xx_hal_msp.c:214:6:HAL_SPI_MspInit	56	static
../Core/Src/stm32g0xx_hal_msp.c:297:6:HAL_SPI_MspDeInit	8	static
../Core/Src/stm32g0xx_hal_msp.c:351:6:HAL_TIM_Base_MspInit	16	static
../Core/Src/stm32g0xx_hal_msp.c:377:6:HAL_TIM_Base_MspDeInit	8	static
