../Core/Src/w25q128.c:17:6:csLOW	8	static
../Core/Src/w25q128.c:22:6:csHIGH	8	static
../Core/Src/w25q128.c:27:6:SPI_Write	8	static
../Core/Src/w25q128.c:32:6:SPI_Read	8	static
../Core/Src/w25q128.c:39:6:W25Q_Reset	16	static
../Core/Src/w25q128.c:50:10:W25Q_ReadID	16	static
../Core/Src/w25q128.c:61:6:W25Q_Read	24	static
../Core/Src/w25q128.c:96:6:W25Q_FastRead	24	static
../Core/Src/w25q128.c:133:6:write_enable	16	static
../Core/Src/w25q128.c:142:6:write_disable	16	static
../Core/Src/w25q128.c:151:10:bytestowrite	0	static
../Core/Src/w25q128.c:157:6:W25Q_Erase_Sector	16	static
../Core/Src/w25q128.c:195:6:W25Q_Write_Page	320	static
../Core/Src/w25q128.c:275:7:W25Q_Erase_Chip	16	static
../Core/Src/w25q128.c:299:7:W25Q_Read_Bytes	8	static
../Core/Src/w25q128.c:314:7:W25Q_Read_Bytes_MultiPage	24	static
../Core/Src/w25q128.c:380:9:DataReader_WaitForReceiveDone	0	static
../Core/Src/w25q128.c:385:10:DataReader_ReadData	8	static
../Core/Src/w25q128.c:390:10:DataReader_StartDMAReadData	8	static
