../Core/Src/ili9341.c:66:6:ILI9341_Init	8	static
../Core/Src/ili9341.c:190:6:ILI9341_SetWindow	24	static
../Core/Src/ili9341.c:207:6:ILI9341_WritePixel	32	static
../Core/Src/ili9341.c:221:13:ConvHL	24	static
../Core/Src/ili9341.c:236:6:ILI9341_DrawBitmap	16	static
../Core/Src/ili9341.c:257:6:ILI9341_EndOfDrawBitmap	8	static
../Core/Src/ili9341.c:266:6:ILI9341_Reset	8	static
../Core/Src/ili9341.c:276:6:ILI9341_SoftReset	16	static
../Core/Src/ili9341.c:287:6:LCD_WR_REG	16	static
../Core/Src/ili9341.c:295:13:LCD_WR_DATA	16	static
../Core/Src/ili9341.c:303:6:LCD_IO_WriteMultipleData	16	static
../Core/Src/ili9341.c:322:13:LCD_direction	16	static
../Core/Src/ili9341.c:344:13:RESET_L	8	static
../Core/Src/ili9341.c:349:13:RESET_H	8	static
../Core/Src/ili9341.c:354:13:CS_L	8	static
../Core/Src/ili9341.c:359:13:DC_L	8	static
../Core/Src/ili9341.c:364:13:DC_H	8	static
../Core/Src/ili9341.c:369:13:LED_H	8	static
