../Middlewares/ST/touchgfx/framework/include/touchgfx/Screen.hpp:104:18:virtual void touchgfx::Screen::afterTransition()	0	static
../Middlewares/ST/touchgfx/framework/include/touchgfx/Screen.hpp:154:18:virtual void touchgfx::Screen::handleKeyEvent(uint8_t)	0	static
../TouchGFX/gui/src/settableparams_screen/SettableParamsView.cpp:19:6:virtual void SettableParamsView::tearDownScreen()	0	static
../TouchGFX/gui/src/settableparams_screen/SettableParamsView.cpp:24:6:virtual void SettableParamsView::scrollWheel1UpdateItem(Settable&, int16_t)	8	static
../TouchGFX/gui/include/gui/settableparams_screen/SettableParamsView.hpp:12:13:SettableParamsView::~SettableParamsView()	8	static
../TouchGFX/gui/include/gui/settableparams_screen/SettableParamsView.hpp:12:13:virtual SettableParamsView::~SettableParamsView()	8	static
../TouchGFX/gui/src/settableparams_screen/SettableParamsView.cpp:29:6:virtual void SettableParamsView::process_uart(volatile serialData_t&)	0	static
../TouchGFX/gui/src/settableparams_screen/SettableParamsView.cpp:9:1:SettableParamsView::SettableParamsView()	8	static
../TouchGFX/gui/src/settableparams_screen/SettableParamsView.cpp:14:6:virtual void SettableParamsView::setupScreen()	8	static
../TouchGFX/gui/src/settableparams_screen/SettableParamsView.cpp:38:6:virtual void SettableParamsView::updateScreen()	16	static
../TouchGFX/gui/src/settableparams_screen/SettableParamsView.cpp:46:6:virtual void SettableParamsView::increment_settable_param()	24	static
../TouchGFX/gui/src/settableparams_screen/SettableParamsView.cpp:61:6:virtual void SettableParamsView::decrement_settable_param()	32	static
