../TouchGFX/gui/include/gui/settableparams_screen/SettableParamsPresenter.hpp:28:13:SettableParamsPresenter::~SettableParamsPresenter()	0	static
../TouchGFX/gui/src/settableparams_screen/SettableParamsPresenter.cpp:10:6:virtual void SettableParamsPresenter::activate()	0	static
../TouchGFX/gui/src/settableparams_screen/SettableParamsPresenter.cpp:20:6:virtual void SettableParamsPresenter::process_uart(volatile serialData_t&)	8	static
../TouchGFX/gui/include/gui/settableparams_screen/SettableParamsPresenter.hpp:28:13:virtual SettableParamsPresenter::~SettableParamsPresenter()	8	static
../TouchGFX/gui/include/gui/settableparams_screen/SettableParamsPresenter.hpp:28:13:virtual void* SettableParamsPresenter::_ZThn4_N23SettableParamsPresenterD1Ev()	0	static
../TouchGFX/gui/src/settableparams_screen/SettableParamsPresenter.cpp:4:1:SettableParamsPresenter::SettableParamsPresenter(SettableParamsView&)	0	static
